Multiple
TPB_testV4_1.post.res
TPB_testV4_2.post.res
TPB_testV4_3.post.res
TPB_testV4_4.post.res
TPB_testV4_5.post.res
TPB_testV4_6.post.res
TPB_testV4_7.post.res
TPB_testV4_8.post.res
TPB_testV4_9.post.res
TPB_testV4_10.post.res
TPB_testV4_11.post.res
TPB_testV4_12.post.res
TPB_testV4_13.post.res
TPB_testV4_14.post.res
TPB_testV4_15.post.res
TPB_testV4_16.post.res
TPB_testV4_17.post.res
TPB_testV4_18.post.res
TPB_testV4_19.post.res
TPB_testV4_20.post.res
TPB_testV4_21.post.res
TPB_testV4_22.post.res
TPB_testV4_23.post.res
TPB_testV4_24.post.res
TPB_testV4_25.post.res
TPB_testV4_26.post.res
TPB_testV4_27.post.res
TPB_testV4_28.post.res
TPB_testV4_29.post.res
TPB_testV4_30.post.res
TPB_testV4_31.post.res
TPB_testV4_32.post.res
TPB_testV4_33.post.res
TPB_testV4_34.post.res
TPB_testV4_35.post.res
TPB_testV4_36.post.res
TPB_testV4_37.post.res
TPB_testV4_38.post.res
TPB_testV4_39.post.res
TPB_testV4_40.post.res
TPB_testV4_41.post.res
TPB_testV4_42.post.res
TPB_testV4_43.post.res
TPB_testV4_44.post.res
TPB_testV4_45.post.res
TPB_testV4_46.post.res
TPB_testV4_47.post.res
TPB_testV4_48.post.res
TPB_testV4_49.post.res
TPB_testV4_50.post.res
TPB_testV4_51.post.res
TPB_testV4_52.post.res
TPB_testV4_53.post.res
TPB_testV4_54.post.res
TPB_testV4_55.post.res
TPB_testV4_56.post.res
TPB_testV4_57.post.res
TPB_testV4_58.post.res
TPB_testV4_59.post.res
TPB_testV4_60.post.res
TPB_testV4_61.post.res
TPB_testV4_62.post.res
TPB_testV4_63.post.res
TPB_testV4_64.post.res
TPB_testV4_65.post.res
TPB_testV4_66.post.res
TPB_testV4_67.post.res
TPB_testV4_68.post.res
TPB_testV4_69.post.res
TPB_testV4_70.post.res
TPB_testV4_71.post.res
TPB_testV4_72.post.res
TPB_testV4_73.post.res
TPB_testV4_74.post.res
TPB_testV4_75.post.res
TPB_testV4_76.post.res
TPB_testV4_77.post.res
TPB_testV4_78.post.res
TPB_testV4_79.post.res
TPB_testV4_80.post.res
TPB_testV4_81.post.res
TPB_testV4_82.post.res
TPB_testV4_83.post.res
TPB_testV4_84.post.res
TPB_testV4_85.post.res
TPB_testV4_86.post.res
TPB_testV4_87.post.res
TPB_testV4_88.post.res
TPB_testV4_89.post.res
TPB_testV4_90.post.res
TPB_testV4_91.post.res
TPB_testV4_92.post.res
TPB_testV4_93.post.res
TPB_testV4_94.post.res
TPB_testV4_95.post.res
TPB_testV4_96.post.res
TPB_testV4_97.post.res
TPB_testV4_98.post.res
TPB_testV4_99.post.res
TPB_testV4_100.post.res
TPB_testV4_101.post.res
TPB_testV4_102.post.res
TPB_testV4_103.post.res
TPB_testV4_104.post.res
TPB_testV4_105.post.res
TPB_testV4_106.post.res
TPB_testV4_107.post.res
TPB_testV4_108.post.res
TPB_testV4_109.post.res
TPB_testV4_110.post.res
TPB_testV4_111.post.res
TPB_testV4_112.post.res
TPB_testV4_113.post.res
TPB_testV4_114.post.res
TPB_testV4_115.post.res
